// Jest Snapshot v1, https://goo.gl/fbAQLP

exports[`renders homepage unchanged 1`] = `
<div>
  <progress
    class="styles__BarStatus-sc-1e9ujot-0 eKRLMZ"
    max="100"
  />
</div>
`;
